<?xml version="1.0" encoding="UTF-8"?>
<TestRun id="0f8d7f70-c2a8-46e0-a352-87d6f4c3f26a" name="Administrator@GAVIN-PC 2012-02-04 12:02:24" runUser="GAVIN-PC\Administrator" xmlns="http://microsoft.com/schemas/VisualStudio/TeamTest/2010">
  <TestSettings name="本地" id="715ea75e-9d9c-4961-830e-9707a848cdd5">
    <Description>这些设置为本地测试运行的默认测试设置。</Description>
    <Deployment enabled="false" runDeploymentRoot="Administrator_GAVIN-PC 2012-02-04 12_02_24">
      <DeploymentItem filename="E:\Projects\Architecture\Generic\GenericSamples\GenericLib\bin\Debug\GenericLib.dll" />
    </Deployment>
    <Execution>
      <TestTypeSpecific />
      <AgentRule name="Execution Agents">
      </AgentRule>
    </Execution>
  </TestSettings>
  <Times creation="2012-02-04T12:02:24.5937500+08:00" queuing="2012-02-04T12:02:24.5937500+08:00" start="2012-02-04T12:02:24.5937500+08:00" finish="2012-02-04T12:02:24.8281250+08:00" />
  <ResultSummary outcome="Completed">
    <Counters total="1" executed="1" passed="1" error="0" failed="0" timeout="0" aborted="0" inconclusive="0" passedButRunAborted="0" notRunnable="0" notExecuted="0" disconnected="0" warning="0" completed="0" inProgress="0" pending="0" />
  </ResultSummary>
  <TestDefinitions>
    <UnitTest name="OpenCloseGenericTest" storage="e:\projects\architecture\generic\genericsamples\genericsamples\bin\debug\genericsamples.dll" id="9efc9810-2ffd-932e-8347-ef6882976835">
      <Execution id="56547d13-82c8-4d98-8361-28bee2e2bac2" />
      <TestMethod codeBase="E:/Projects/Architecture/Generic/GenericSamples/GenericSamples/bin/Debug/GenericSamples.DLL" adapterTypeName="Microsoft.VisualStudio.TestTools.TestTypes.Unit.UnitTestAdapter, Microsoft.VisualStudio.QualityTools.Tips.UnitTest.Adapter, Version=10.0.0.0, Culture=neutral, PublicKeyToken=b03f5f7f11d50a3a" className="GenericSamples.UnitTest1, GenericSamples, Version=1.0.0.0, Culture=neutral, PublicKeyToken=null" name="OpenCloseGenericTest" />
    </UnitTest>
  </TestDefinitions>
  <TestLists>
    <TestList name="列表中未列出的结果" id="8c84fa94-04c1-424b-9868-57a2d4851a1d" />
    <TestList name="所有已加载的结果" id="19431567-8539-422a-85d7-44ee4e166bda" />
  </TestLists>
  <TestEntries>
    <TestEntry testId="9efc9810-2ffd-932e-8347-ef6882976835" executionId="56547d13-82c8-4d98-8361-28bee2e2bac2" testListId="8c84fa94-04c1-424b-9868-57a2d4851a1d" />
  </TestEntries>
  <Results>
    <UnitTestResult executionId="56547d13-82c8-4d98-8361-28bee2e2bac2" testId="9efc9810-2ffd-932e-8347-ef6882976835" testName="OpenCloseGenericTest" computerName="GAVIN-PC" duration="00:00:00.0443432" startTime="2012-02-04T12:02:24.6093750+08:00" endTime="2012-02-04T12:02:24.8125000+08:00" testType="13cdc9d9-ddb5-4fa4-a97d-d965ccfc6d4b" outcome="Passed" testListId="8c84fa94-04c1-424b-9868-57a2d4851a1d" relativeResultsDirectory="56547d13-82c8-4d98-8361-28bee2e2bac2">
      <Output>
        <StdOut>无法创建 System.Collections.Generic.Dictionary`2[TKey,TValue] 的实例，因为 Type.ContainsGenericParameters 为 True。
无法创建 GenericLib.DictionaryStringKey`1[TValue] 的实例，因为 Type.ContainsGenericParameters 为 True。
以创建 GenericLib.DictionaryStringKeyValue 的实例</StdOut>
      </Output>
    </UnitTestResult>
  </Results>
</TestRun>